// Jest Snapshot v1, https://goo.gl/fbAQLP

exports[`renders a snapshot 1`] = `
<div
  className="calculator-app"
>
  <header
    className="calculator-app-header"
  >
    <img
      alt="logo"
      className="calculator-app-logo"
      src="logo.svg"
    />
    <h1
      className="calculator-app-title"
    >
      Calculator
    </h1>
  </header>
  <div
    className="calculator-app-content"
  >
    <div
      className="main-content"
    >
      <ul>
        <li>
          <input
            className="cal-result"
            readOnly={true}
            type="text"
            value={0}
          />
        </li>
        <li
          className="divide"
        >
          <button
            className="keys-clear"
            onClick={[Function]}
            presson="clear"
            type="button"
          >
            Clear
          </button>
          <button
            className="keys-cals"
            onClick={[Function]}
            presson="caculate"
            type="button"
          >
            /
          </button>
        </li>
        <li
          className="subtract"
        >
          <button
            className="keys-number"
            onClick={[Function]}
            presson="number"
            type="button"
          >
            7
          </button>
          <button
            className="keys-number"
            onClick={[Function]}
            presson="number"
            type="button"
          >
            8
          </button>
          <button
            className="keys-number"
            onClick={[Function]}
            presson="number"
            type="button"
          >
            9
          </button>
          <button
            className="keys-cals"
            onClick={[Function]}
            presson="caculate"
            type="button"
          >
            -
          </button>
        </li>
        <li
          className="add"
        >
          <button
            className="keys-number"
            onClick={[Function]}
            presson="number"
            type="button"
          >
            4
          </button>
          <button
            className="keys-number"
            onClick={[Function]}
            presson="number"
            type="button"
          >
            5
          </button>
          <button
            className="keys-number"
            onClick={[Function]}
            presson="number"
            type="button"
          >
            6
          </button>
          <button
            className="keys-cals"
            onClick={[Function]}
            presson="caculate"
            type="button"
          >
            +
          </button>
        </li>
        <li
          className="equal"
        >
          <button
            className="keys-number"
            onClick={[Function]}
            presson="number"
            type="button"
          >
            1
          </button>
          <button
            className="keys-number"
            onClick={[Function]}
            presson="number"
            type="button"
          >
            2
          </button>
          <button
            className="keys-number"
            onClick={[Function]}
            presson="number"
            type="button"
          >
            3
          </button>
          <button
            className="keys-cals"
            onClick={[Function]}
            presson="equal"
            type="button"
          >
            =
          </button>
        </li>
      </ul>
    </div>
  </div>
</div>
`;
